
 Start  Stop   Length Name                   Class
 00000H 0005DH 0005EH TEST_TEXT              CODE
 0005EH 00237H 001DAH DRAWLINE_TEXT          CODE
 00238H 0025BH 00024H SET_MODE_TEXT          CODE
 0025CH 002F5H 0009AH SCR_PLOT_TEXT          CODE
 002F6H 003A5H 000B0H DRAWRECT_TEXT          CODE
 003A6H 00CFEH 00959H _TEXT                  CODE
 00D00H 00D01H 00002H EMULATOR_TEXT          CODE
 00D02H 00D02H 00000H C_ETEXT                ENDCODE
 00D10H 00D10H 00000H EMULATOR_DATA          FAR_DATA
 00D10H 00D51H 00042H NULL                   BEGDATA
 00D52H 00DF9H 000A8H _DATA                  DATA
 00DFAH 00DFBH 00002H XIQC                   DATA
 00DFCH 00E09H 0000EH DBDATA                 DATA
 00E0AH 00E17H 0000EH CDATA                  DATA
 00E18H 00E18H 00000H XIFB                   DATA
 00E18H 00E18H 00000H XIF                    DATA
 00E18H 00E18H 00000H XIFE                   DATA
 00E18H 00E18H 00000H XIB                    DATA
 00E18H 00E18H 00000H XI                     DATA
 00E18H 00E18H 00000H XIE                    DATA
 00E18H 00E18H 00000H XPB                    DATA
 00E18H 00E18H 00000H XP                     DATA
 00E18H 00E18H 00000H XPE                    DATA
 00E18H 00E18H 00000H XCB                    DATA
 00E18H 00E18H 00000H XC                     DATA
 00E18H 00E18H 00000H XCE                    DATA
 00E18H 00E18H 00000H XCFB                   DATA
 00E18H 00E18H 00000H XCF                    DATA
 00E18H 00E18H 00000H XCFE                   DATA
 00E18H 00E1DH 00006H CONST                  CONST
 00E1EH 00E25H 00008H HDR                    MSG
 00E26H 00EFBH 000D6H MSG                    MSG
 00EFCH 00EFDH 00002H PAD                    MSG
 00EFEH 00EFEH 00001H EPAD                   MSG
 00F00H 00F00H 00000H _BSS                   BSS
 00F00H 00F00H 00000H XOB                    BSS
 00F00H 00F00H 00000H XO                     BSS
 00F00H 00F00H 00000H XOE                    BSS
 00F00H 016FFH 00800H STACK                  STACK

 Origin   Group
 00D1:0   DGROUP

Program entry point at 003A:0016
