
 Start  Stop   Length Name                   Class
 00000H 000D3H 000D4H TEST_VGA_TEXT          CODE
 000D4H 002ADH 001DAH DRAWLINE_TEXT          CODE
 002AEH 00307H 0005AH SET_MODE_TEXT          CODE
 00308H 0033BH 00034H SCR_PLOT_TEXT          CODE
 0033CH 003EBH 000B0H DRAWRECT_TEXT          CODE
 003ECH 00425H 0003AH IS_VGA_TEXT            CODE
 00426H 0084DH 00428H RND_RECT_TEXT          CODE
 0084EH 00873H 00026H SCRPLOTS_TEXT          CODE
 00874H 00A4DH 001DAH FILLRECT_TEXT          CODE
 00A4EH 02122H 016D5H _TEXT                  CODE
 02130H 02131H 00002H EMULATOR_TEXT          CODE
 02132H 02132H 00000H C_ETEXT                ENDCODE
 02140H 02140H 00000H EMULATOR_DATA          FAR_DATA
 02140H 02181H 00042H NULL                   BEGDATA
 02182H 024C9H 00348H _DATA                  DATA
 024CAH 024CBH 00002H XIQC                   DATA
 024CCH 024D9H 0000EH DBDATA                 DATA
 024DAH 024E7H 0000EH CDATA                  DATA
 024E8H 024E8H 00000H XIFB                   DATA
 024E8H 024E8H 00000H XIF                    DATA
 024E8H 024E8H 00000H XIFE                   DATA
 024E8H 024E8H 00000H XIB                    DATA
 024E8H 024E8H 00000H XI                     DATA
 024E8H 024E8H 00000H XIE                    DATA
 024E8H 024E8H 00000H XPB                    DATA
 024E8H 024EBH 00004H XP                     DATA
 024ECH 024ECH 00000H XPE                    DATA
 024ECH 024ECH 00000H XCB                    DATA
 024ECH 024ECH 00000H XC                     DATA
 024ECH 024ECH 00000H XCE                    DATA
 024ECH 024ECH 00000H XCFB                   DATA
 024ECH 024ECH 00000H XCF                    DATA
 024ECH 024ECH 00000H XCFE                   DATA
 024ECH 024F3H 00008H CONST                  CONST
 024F4H 024FBH 00008H HDR                    MSG
 024FCH 025D1H 000D6H MSG                    MSG
 025D2H 025D3H 00002H PAD                    MSG
 025D4H 025D4H 00001H EPAD                   MSG
 025D6H 025D6H 00000H _BSS                   BSS
 025D6H 025D6H 00000H XOB                    BSS
 025D6H 025D6H 00000H XO                     BSS
 025D6H 025D6H 00000H XOE                    BSS
 025E0H 027DFH 00200H c_common               BSS
 027E0H 02FDFH 00800H STACK                  STACK

 Origin   Group
 0214:0   DGROUP

Program entry point at 00A4:001E
